// Jest Snapshot v1, https://goo.gl/fbAQLP

exports[`Accordion Component renders UI as expected 1`] = `
<ul>
  <li>
    <button
      onClick={[Function]}
    >
      Section 1
    </button>
  </li>
  <li>
    <button
      onClick={[Function]}
    >
      Section 2
    </button>
  </li>
  <li>
    <button
      onClick={[Function]}
    >
      Section 3
    </button>
  </li>
</ul>
`;
