// Jest Snapshot v1, https://goo.gl/fbAQLP

exports[`TheDate component Renders UI as expected 1`] = `
<div>
  10/12/2019, 3:29:49 AM
</div>
`;
